// Jest Snapshot v1, https://goo.gl/fbAQLP

exports[`Rate component test can render corrently 1`] = `
<DocumentFragment>
  <div
    class="g-rate"
  >
    <span
      class="g-rate-item-wrapper"
    >
      <span
        class="g-rate-item"
        tabindex="0"
      >
        <svg
          class="icon"
        >
          <use
            xlink:href="#icon-star-fill"
          />
        </svg>
      </span>
    </span>
    <span
      class="g-rate-item-wrapper"
    >
      <span
        class="g-rate-item"
        tabindex="0"
      >
        <svg
          class="icon"
        >
          <use
            xlink:href="#icon-star-fill"
          />
        </svg>
      </span>
    </span>
    <span
      class="g-rate-item-wrapper"
    >
      <span
        class="g-rate-item"
        tabindex="0"
      >
        <svg
          class="icon"
        >
          <use
            xlink:href="#icon-star-fill"
          />
        </svg>
      </span>
    </span>
    <span
      class="g-rate-item-wrapper"
    >
      <span
        class="g-rate-item"
        tabindex="0"
      >
        <svg
          class="icon"
        >
          <use
            xlink:href="#icon-star-fill"
          />
        </svg>
      </span>
    </span>
    <span
      class="g-rate-item-wrapper"
    >
      <span
        class="g-rate-item"
        tabindex="0"
      >
        <svg
          class="icon"
        >
          <use
            xlink:href="#icon-star-fill"
          />
        </svg>
      </span>
    </span>
  </div>
</DocumentFragment>
`;
